
LINE   PG/LN  A...B............................................................

00001                                                                          
00002         IDENTIFICATION   DIVISION.                                       
00003         PROGRAM-ID.      prog.                                           
00004         DATA             DIVISION.                                       
00005         WORKING-STORAGE  SECTION.                                        
00006         COPY "copy-1.inc"                                                
00007             REPLACING ==TEST-VAR== BY ==COPY-VAR==.                      
00001C                                                                         
00002C        COPY "copy-2.inc".                                               
00001C                                                                         
00002C        01 COPY-VAR PIC X(2) VALUE "OK".                                 
00008         PROCEDURE        DIVISION.                                       
00009             DISPLAY COPY-VAR NO ADVANCING                                
00010             END-DISPLAY.                                                 
00011             STOP RUN.                                                    

SIZE TYPE           LVL  NAME                           PICTURE

0002 ALPHANUMERIC   01   COPY-VAR                       X(2)

0 Warnings in program
0 Errors in program
