
LINE   PG/LN  A...B............................................................

00001                                                                          
00002         IDENTIFICATION   DIVISION.                                       
00003         PROGRAM-ID.      prog.                                           
00004         DATA             DIVISION.                                       
00005         WORKING-STORAGE  SECTION.                                        
00006         COPY "copy.inc"                                                  
00007            REPLACING ==TEST-VAR==, BY ==FIRST-MATCH==,                   
00008                   ,  ==TEST-VAR==; BY ==SECOND-MATCH==;                  
00009                   ;  ==TEST-VAR== , BY ==THIRD-MATCH==                   
00010                      ==TEST-VAR== ; BY ==FOURTH-MATCH==.                 
00001C                                                                         
00002C        01 FIRST-MATCH PIC X(2) VALUE "OK".                              
00011         PROCEDURE        DIVISION.                                       
00012             DISPLAY FIRST-MATCH NO ADVANCING                             
00013             END-DISPLAY.                                                 
00014             STOP RUN.                                                    

SIZE TYPE           LVL  NAME                           PICTURE

0002 ALPHANUMERIC   01   FIRST-MATCH                    X(2)

0 Warnings in program
0 Errors in program
